Nom : MMM
Prénom : PPP
Date de naissance : OOO
Projets : 
  Projet 1 : Nom : UUU
Description : OOIIII


